A51 MACRO ASSEMBLER  PRO_12                                                               02/10/2023 08:46:31 PAGE     1


MACRO ASSEMBLER A51 V8.2.7.0
OBJECT MODULE PLACED IN .\Objects\PRO_12.obj
ASSEMBLER INVOKED BY: C:\Keil_v5\C51\BIN\A51.EXE PRO_12.a51 SET(SMALL) DEBUG PRINT(.\Listings\PRO_12.lst) OBJECT(.\Objec
                      ts\PRO_12.obj) EP

LOC  OBJ            LINE     SOURCE

                       1     
                       2     
                       3     
                       4     
0000                   5     ORG 0000H
0000 B290              6             START:CPL P1.0
0002 758901            7             MOV TMOD,#01H
0005 758CFC            8             MOV TH0,#0FCH
0008 758A18            9             MOV TL0,#18H
000B D28C             10             SETB TR0
000D 308DFD           11             HERE: JNB TF0,HERE
0010 C28D             12             CLR TF0
0012 C28C             13             CLR TR0
0014 80EA             14             JMP START
                      15             END
A51 MACRO ASSEMBLER  PRO_12                                                               02/10/2023 08:46:31 PAGE     2

SYMBOL TABLE LISTING
------ ----- -------


N A M E             T Y P E  V A L U E   ATTRIBUTES

HERE . . . . . . .  C ADDR   000DH   A   
P1 . . . . . . . .  D ADDR   0090H   A   
START. . . . . . .  C ADDR   0000H   A   
TF0. . . . . . . .  B ADDR   0088H.5 A   
TH0. . . . . . . .  D ADDR   008CH   A   
TL0. . . . . . . .  D ADDR   008AH   A   
TMOD . . . . . . .  D ADDR   0089H   A   
TR0. . . . . . . .  B ADDR   0088H.4 A   


REGISTER BANK(S) USED: 0 


ASSEMBLY COMPLETE.  0 WARNING(S), 0 ERROR(S)
