A51 MACRO ASSEMBLER  PRO_6                                                                03/28/2023 19:51:54 PAGE     1


MACRO ASSEMBLER A51 V8.2.7.0
OBJECT MODULE PLACED IN .\Objects\PRO_6.obj
ASSEMBLER INVOKED BY: C:\Keil_v5\C51\BIN\A51.EXE PRO_6.a51 SET(SMALL) DEBUG PRINT(.\Listings\PRO_6.lst) OBJECT(.\Objects
                      \PRO_6.obj) EP

LOC  OBJ            LINE     SOURCE

                       1     
                       2     
                       3     
                       4     
0000                   5     org 0000h
0000 7804              6             mov r0,#4h
0002 7406              7             mov a,#6h
0004 98                8             subb a,r0
0005 8820              9             mov 20h,r0
                      10     end
A51 MACRO ASSEMBLER  PRO_6                                                                03/28/2023 19:51:54 PAGE     2

SYMBOL TABLE LISTING
------ ----- -------


N A M E             T Y P E  V A L U E   ATTRIBUTES



REGISTER BANK(S) USED: 0 


ASSEMBLY COMPLETE.  0 WARNING(S), 0 ERROR(S)
