A51 MACRO ASSEMBLER  PRO_16                                                               02/10/2023 08:58:55 PAGE     1


MACRO ASSEMBLER A51 V8.2.7.0
OBJECT MODULE PLACED IN .\Objects\PRO_16.obj
ASSEMBLER INVOKED BY: C:\Keil_v5\C51\BIN\A51.EXE PRO_16.a51 SET(SMALL) DEBUG PRINT(.\Listings\PRO_16.lst) OBJECT(.\Objec
                      ts\PRO_16.obj) EP

LOC  OBJ            LINE     SOURCE

                       1     
                       2     
                       3     
0000                   4     org 0000h
0000 759092            5             start:mov p1,#092h
0003 1120              6             acall delay
0005 759099            7             mov p1,#99h
0008 1120              8             acall delay
000A 7590B0            9             mov p1,#0b0h
000D 1120             10             acall delay
000F 7590A4           11             mov p1,#0a4h
0012 1120             12             acall delay
0014 7590F9           13             mov p1,#0f9h
0017 1120             14             acall delay
0019 7590C0           15             mov p1,#0c0h
001C 1120             16             acall delay
001E 80E0             17             jmp start
0020                  18             delay:  
0020 758901           19             MOV TMOD,#01H
0023 758CFC           20             MOV TH0,#0FCH
0026 758A18           21             MOV TL0,#18H
0029 D28C             22             SETB TR0
002B 308DFD           23             HERE: JNB TF0,HERE
002E C28D             24             CLR TF0
0030 C28C             25             CLR TR0
0032 22               26             ret
                      27             END
A51 MACRO ASSEMBLER  PRO_16                                                               02/10/2023 08:58:55 PAGE     2

SYMBOL TABLE LISTING
------ ----- -------


N A M E             T Y P E  V A L U E   ATTRIBUTES

DELAY. . . . . . .  C ADDR   0020H   A   
HERE . . . . . . .  C ADDR   002BH   A   
P1 . . . . . . . .  D ADDR   0090H   A   
START. . . . . . .  C ADDR   0000H   A   
TF0. . . . . . . .  B ADDR   0088H.5 A   
TH0. . . . . . . .  D ADDR   008CH   A   
TL0. . . . . . . .  D ADDR   008AH   A   
TMOD . . . . . . .  D ADDR   0089H   A   
TR0. . . . . . . .  B ADDR   0088H.4 A   


REGISTER BANK(S) USED: 0 


ASSEMBLY COMPLETE.  0 WARNING(S), 0 ERROR(S)
