A51 MACRO ASSEMBLER  PTO_5                                                                01/13/2023 08:22:49 PAGE     1


MACRO ASSEMBLER A51 V8.2.7.0
OBJECT MODULE PLACED IN .\Objects\pto_5.obj
ASSEMBLER INVOKED BY: D:\C51\BIN\A51.EXE pto_5.a51 SET(SMALL) DEBUG PRINT(.\Listings\pto_5.lst) OBJECT(.\Objects\pto_5.o
                      bj) EP

LOC  OBJ            LINE     SOURCE

                       1     
                       2     
                       3     
                       4     
0000                   5     org 0000h
0000 7440              6             mov a,#40h
0002 7850              7             mov r0,#50h
0004 28                8             add a,r0
0005 F550              9             mov 50h,a
                      10             end
A51 MACRO ASSEMBLER  PTO_5                                                                01/13/2023 08:22:49 PAGE     2

SYMBOL TABLE LISTING
------ ----- -------


N A M E             T Y P E  V A L U E   ATTRIBUTES



REGISTER BANK(S) USED: 0 


ASSEMBLY COMPLETE.  0 WARNING(S), 0 ERROR(S)
